#
# There is insufficient memory for the Java Runtime Environment to continue.
# Native memory allocation (malloc) failed to allocate 32784 bytes for Chunk::new
# Possible reasons:
#   The system is out of physical RAM or swap space
#   The process is running with CompressedOops enabled, and the Java Heap may be blocking the growth of the native heap
# Possible solutions:
#   Reduce memory load on the system
#   Increase physical memory or swap space
#   Check if swap backing store is full
#   Decrease Java heap size (-Xmx/-Xms)
#   Decrease number of Java threads
#   Decrease Java thread stack sizes (-Xss)
#   Set larger code cache with -XX:ReservedCodeCacheSize=
#   JVM is running with Zero Based Compressed Oops mode in which the Java heap is
#     placed in the first 32GB address space. The Java Heap base address is the
#     maximum limit for the native heap growth. Please use -XX:HeapBaseMinAddress
#     to set the Java Heap base and to place the Java Heap above 32GB virtual address.
# This output file may be truncated or incomplete.
#
#  Out of Memory Error (arena.cpp:189), pid=20520, tid=24412
#
# JRE version: Java(TM) SE Runtime Environment (17.0.11+7) (build 17.0.11+7-LTS-207)
# Java VM: Java HotSpot(TM) 64-Bit Server VM (17.0.11+7-LTS-207, mixed mode, sharing, tiered, compressed oops, compressed class ptrs, g1 gc, windows-amd64)
# No core dump will be written. Minidumps are not enabled by default on client versions of Windows
#

---------------  S U M M A R Y ------------

Command Line: -XX:+ShowCodeDetailsInExceptionMessages showdomilhao.ShowdomilhaoApplication

Host: Intel(R) Core(TM) i5-8400 CPU @ 2.80GHz, 6 cores, 23G,  Windows 10 , 64 bit Build 19041 (10.0.19041.3570)
Time: Fri Jul 26 18:38:03 2024 Hora oficial do Brasil elapsed time: 1682.862141 seconds (0d 0h 28m 2s)

---------------  T H R E A D  ---------------

Current thread (0x0000018b69542720):  JavaThread "C2 CompilerThread0" daemon [_thread_in_native, id=24412, stack(0x0000005280d00000,0x0000005280e00000)]


Current CompileTask:
C2:1682862 7690   !   4       java.util.concurrent.locks.AbstractQueuedSynchronizer::acquire (407 bytes)

Stack: [0x0000005280d00000,0x0000005280e00000]
Native frames: (J=compiled Java code, j=interpreted, Vv=VM code, C=native code)
V  [jvm.dll+0x679cca]
V  [jvm.dll+0x7da13d]
V  [jvm.dll+0x7dba83]
V  [jvm.dll+0x7dc0f3]
V  [jvm.dll+0x2449af]
V  [jvm.dll+0xab83b]
V  [jvm.dll+0xabe1c]
V  [jvm.dll+0xab954]
V  [jvm.dll+0x69f185]
V  [jvm.dll+0x1a6703]
V  [jvm.dll+0x69d699]
V  [jvm.dll+0x69cfa2]
V  [jvm.dll+0x2164ee]
V  [jvm.dll+0x21560f]
V  [jvm.dll+0x1a2040]
V  [jvm.dll+0x225a2b]
V  [jvm.dll+0x223bcb]
V  [jvm.dll+0x7903ec]
V  [jvm.dll+0x78a85a]
V  [jvm.dll+0x678bb5]
C  [ucrtbase.dll+0x21bb2]
C  [KERNEL32.DLL+0x17344]
C  [ntdll.dll+0x526b1]


---------------  P R O C E S S  ---------------

Threads class SMR info:
_java_thread_list=0x0000018b7205da60, length=32, elements={
0x0000018b6951a6d0, 0x0000018b6951c470, 0x0000018b69537260, 0x0000018b69539c40,
0x0000018b6953a510, 0x0000018b6953ade0, 0x0000018b69542720, 0x0000018b6953fa60,
0x0000018b6bc72350, 0x0000018b6bd8b490, 0x0000018b6bd8c3c0, 0x0000018b6bd8b9a0,
0x0000018b6bd8c8d0, 0x0000018b6bd8af80, 0x0000018b6bd8d800, 0x0000018b6bd8dd10,
0x0000018b6bd8e730, 0x0000018b6bd8cde0, 0x0000018b6bd8e220, 0x0000018b72571fa0,
0x0000018b72570140, 0x0000018b725729c0, 0x0000018b72570650, 0x0000018b72570b60,
0x0000018b7256b550, 0x0000018b7256c480, 0x0000018b7256bf70, 0x0000018b72571a90,
0x0000018b72571070, 0x0000018b72571580, 0x0000018b725724b0, 0x0000018b7256c990
}

Java Threads: ( => current thread )
  0x0000018b6951a6d0 JavaThread "Reference Handler" daemon [_thread_blocked, id=15480, stack(0x0000005280700000,0x0000005280800000)]
  0x0000018b6951c470 JavaThread "Finalizer" daemon [_thread_blocked, id=25308, stack(0x0000005280800000,0x0000005280900000)]
  0x0000018b69537260 JavaThread "Signal Dispatcher" daemon [_thread_blocked, id=19384, stack(0x0000005280900000,0x0000005280a00000)]
  0x0000018b69539c40 JavaThread "Attach Listener" daemon [_thread_blocked, id=25832, stack(0x0000005280a00000,0x0000005280b00000)]
  0x0000018b6953a510 JavaThread "Service Thread" daemon [_thread_blocked, id=20804, stack(0x0000005280b00000,0x0000005280c00000)]
  0x0000018b6953ade0 JavaThread "Monitor Deflation Thread" daemon [_thread_blocked, id=22664, stack(0x0000005280c00000,0x0000005280d00000)]
=>0x0000018b69542720 JavaThread "C2 CompilerThread0" daemon [_thread_in_native, id=24412, stack(0x0000005280d00000,0x0000005280e00000)]
  0x0000018b6953fa60 JavaThread "C1 CompilerThread0" daemon [_thread_blocked, id=15120, stack(0x0000005280e00000,0x0000005280f00000)]
  0x0000018b6bc72350 JavaThread "Sweeper thread" daemon [_thread_blocked, id=24256, stack(0x0000005280f00000,0x0000005281000000)]
  0x0000018b6bd8b490 JavaThread "Notification Thread" daemon [_thread_blocked, id=2408, stack(0x0000005281000000,0x0000005281100000)]
  0x0000018b6bd8c3c0 JavaThread "Common-Cleaner" daemon [_thread_blocked, id=25968, stack(0x0000005281200000,0x0000005281300000)]
  0x0000018b6bd8b9a0 JavaThread "Catalina-utility-1" [_thread_blocked, id=9244, stack(0x0000005281b00000,0x0000005281c00000)]
  0x0000018b6bd8c8d0 JavaThread "Catalina-utility-2" [_thread_blocked, id=26260, stack(0x0000005281c00000,0x0000005281d00000)]
  0x0000018b6bd8af80 JavaThread "container-0" [_thread_blocked, id=19096, stack(0x0000005281d00000,0x0000005281e00000)]
  0x0000018b6bd8d800 JavaThread "BufferPoolPruner-1-thread-1" daemon [_thread_blocked, id=14048, stack(0x0000005281e00000,0x0000005281f00000)]
  0x0000018b6bd8dd10 JavaThread "cluster-ClusterId{value='66a410ab5b7399716018c5e8', description='null'}-localhost:27021" daemon [_thread_in_native, id=24892, stack(0x0000005281f00000,0x0000005282000000)]
  0x0000018b6bd8e730 JavaThread "cluster-rtt-ClusterId{value='66a410ab5b7399716018c5e8', description='null'}-localhost:27021" daemon [_thread_blocked, id=22504, stack(0x0000005282000000,0x0000005282100000)]
  0x0000018b6bd8cde0 JavaThread "MaintenanceTimer-2-thread-1" daemon [_thread_blocked, id=27628, stack(0x0000005282200000,0x0000005282300000)]
  0x0000018b6bd8e220 JavaThread "spring.cloud.inetutils" daemon [_thread_blocked, id=27480, stack(0x0000005282300000,0x0000005282400000)]
  0x0000018b72571fa0 JavaThread "http-nio-8080-exec-1" daemon [_thread_blocked, id=13436, stack(0x0000005282400000,0x0000005282500000)]
  0x0000018b72570140 JavaThread "http-nio-8080-exec-2" daemon [_thread_blocked, id=8908, stack(0x0000005282500000,0x0000005282600000)]
  0x0000018b725729c0 JavaThread "http-nio-8080-exec-3" daemon [_thread_blocked, id=19900, stack(0x0000005282600000,0x0000005282700000)]
  0x0000018b72570650 JavaThread "http-nio-8080-exec-4" daemon [_thread_blocked, id=19656, stack(0x0000005282700000,0x0000005282800000)]
  0x0000018b72570b60 JavaThread "http-nio-8080-exec-5" daemon [_thread_blocked, id=27440, stack(0x0000005282800000,0x0000005282900000)]
  0x0000018b7256b550 JavaThread "http-nio-8080-exec-6" daemon [_thread_blocked, id=21732, stack(0x0000005282900000,0x0000005282a00000)]
  0x0000018b7256c480 JavaThread "http-nio-8080-exec-7" daemon [_thread_blocked, id=12736, stack(0x0000005282a00000,0x0000005282b00000)]
  0x0000018b7256bf70 JavaThread "http-nio-8080-exec-8" daemon [_thread_blocked, id=2424, stack(0x0000005282b00000,0x0000005282c00000)]
  0x0000018b72571a90 JavaThread "http-nio-8080-exec-9" daemon [_thread_blocked, id=16804, stack(0x0000005282c00000,0x0000005282d00000)]
  0x0000018b72571070 JavaThread "http-nio-8080-exec-10" daemon [_thread_blocked, id=21596, stack(0x0000005282d00000,0x0000005282e00000)]
  0x0000018b72571580 JavaThread "http-nio-8080-Poller" daemon [_thread_in_native, id=27288, stack(0x0000005282e00000,0x0000005282f00000)]
  0x0000018b725724b0 JavaThread "http-nio-8080-Acceptor" daemon [_thread_in_native, id=26856, stack(0x0000005282f00000,0x0000005283000000)]
  0x0000018b7256c990 JavaThread "DestroyJavaVM" [_thread_blocked, id=24604, stack(0x0000005280000000,0x0000005280100000)]

Other Threads:
  0x0000018b695147f0 VMThread "VM Thread" [stack: 0x0000005280600000,0x0000005280700000] [id=25436]
  0x0000018b693b0f40 WatcherThread [stack: 0x0000005281100000,0x0000005281200000] [id=24588]
  0x0000018b447eead0 GCTaskThread "GC Thread#0" [stack: 0x0000005280100000,0x0000005280200000] [id=27224]
  0x0000018b704cd2d0 GCTaskThread "GC Thread#1" [stack: 0x0000005281400000,0x0000005281500000] [id=24160]
  0x0000018b70275670 GCTaskThread "GC Thread#2" [stack: 0x0000005281500000,0x0000005281600000] [id=18596]
  0x0000018b70275930 GCTaskThread "GC Thread#3" [stack: 0x0000005281600000,0x0000005281700000] [id=22080]
  0x0000018b70789d50 GCTaskThread "GC Thread#4" [stack: 0x0000005281700000,0x0000005281800000] [id=24832]
  0x0000018b7078a010 GCTaskThread "GC Thread#5" [stack: 0x0000005281800000,0x0000005281900000] [id=23040]
  0x0000018b693a1250 ConcurrentGCThread "G1 Main Marker" [stack: 0x0000005280200000,0x0000005280300000] [id=23108]
  0x0000018b693a35f0 ConcurrentGCThread "G1 Conc#0" [stack: 0x0000005280300000,0x0000005280400000] [id=20368]
  0x0000018b72692290 ConcurrentGCThread "G1 Conc#1" [stack: 0x0000005281900000,0x0000005281a00000] [id=23440]
  0x0000018b6944f2c0 ConcurrentGCThread "G1 Refine#0" [stack: 0x0000005280400000,0x0000005280500000] [id=27128]
  0x0000018b7214c8e0 ConcurrentGCThread "G1 Refine#1" [stack: 0x0000005281a00000,0x0000005281b00000] [id=22220]
  0x0000018b6944fc00 ConcurrentGCThread "G1 Service" [stack: 0x0000005280500000,0x0000005280600000] [id=18820]

Threads with active compile tasks:
C2 CompilerThread0  1682944 7690   !   4       java.util.concurrent.locks.AbstractQueuedSynchronizer::acquire (407 bytes)

VM state: not at safepoint (normal execution)

VM Mutex/Monitor currently owned by a thread: None

Heap address: 0x0000000682c00000, size: 6100 MB, Compressed Oops mode: Zero based, Oop shift amount: 3

CDS archive(s) mapped at: [0x0000018b00000000-0x0000018b00bd0000-0x0000018b00bd0000), size 12386304, SharedBaseAddress: 0x0000018b00000000, ArchiveRelocationMode: 1.
Compressed class space mapped at: 0x0000018b01000000-0x0000018b41000000, reserved size: 1073741824
Narrow klass base: 0x0000018b00000000, Narrow klass shift: 0, Narrow klass range: 0x100000000

GC Precious Log:
 CPUs: 6 total, 6 available
 Memory: 24399M
 Large Page Support: Disabled
 NUMA Support: Disabled
 Compressed Oops: Enabled (Zero based)
 Heap Region Size: 4M
 Heap Min Capacity: 8M
 Heap Initial Capacity: 384M
 Heap Max Capacity: 6100M
 Pre-touch: Disabled
 Parallel Workers: 6
 Concurrent Workers: 2
 Concurrent Refinement Workers: 6
 Periodic GC: Disabled

Heap:
 garbage-first heap   total 81920K, used 42464K [0x0000000682c00000, 0x0000000800000000)
  region size 4096K, 7 young (28672K), 2 survivors (8192K)
 Metaspace       used 57033K, committed 57664K, reserved 1114112K
  class space    used 6798K, committed 7104K, reserved 1048576K

Heap Regions: E=young(eden), S=young(survivor), O=old, HS=humongous(starts), HC=humongous(continues), CS=collection set, F=free, OA=open archive, CA=closed archive, TAMS=top-at-mark-start (previous, next)
|   0|0x0000000682c00000, 0x0000000683000000, 0x0000000683000000|100%| O|  |TAMS 0x0000000683000000, 0x0000000682c00000| Untracked 
|   1|0x0000000683000000, 0x0000000683400000, 0x0000000683400000|100%| O|  |TAMS 0x0000000683000000, 0x0000000683000000| Untracked 
|   2|0x0000000683400000, 0x0000000683800000, 0x0000000683800000|100%| O|  |TAMS 0x0000000683800000, 0x0000000683400000| Untracked 
|   3|0x0000000683800000, 0x0000000683c00000, 0x0000000683c00000|100%| O|  |TAMS 0x0000000683c00000, 0x0000000683800000| Untracked 
|   4|0x0000000683c00000, 0x0000000683c00000, 0x0000000684000000|  0%| F|  |TAMS 0x0000000683c00000, 0x0000000683c00000| Untracked 
|   5|0x0000000684000000, 0x0000000684400000, 0x0000000684400000|100%| O|  |TAMS 0x0000000684000000, 0x0000000684000000| Untracked 
|   6|0x0000000684400000, 0x0000000684400000, 0x0000000684800000|  0%| F|  |TAMS 0x0000000684400000, 0x0000000684400000| Untracked 
|   7|0x0000000684800000, 0x0000000684800000, 0x0000000684c00000|  0%| F|  |TAMS 0x0000000684800000, 0x0000000684800000| Untracked 
|   8|0x0000000684c00000, 0x0000000684ccd000, 0x0000000685000000| 20%| O|  |TAMS 0x0000000684c00000, 0x0000000684c00000| Untracked 
|   9|0x0000000685000000, 0x00000006850ab120, 0x0000000685400000| 16%| S|CS|TAMS 0x0000000685000000, 0x0000000685000000| Complete 
|  10|0x0000000685400000, 0x0000000685400000, 0x0000000685800000|  0%| F|  |TAMS 0x0000000685400000, 0x0000000685400000| Untracked 
|  11|0x0000000685800000, 0x0000000685c00000, 0x0000000685c00000|100%| S|CS|TAMS 0x0000000685800000, 0x0000000685800000| Complete 
|  12|0x0000000685c00000, 0x0000000685c00000, 0x0000000686000000|  0%| F|  |TAMS 0x0000000685c00000, 0x0000000685c00000| Untracked 
|  13|0x0000000686000000, 0x0000000686000000, 0x0000000686400000|  0%| F|  |TAMS 0x0000000686000000, 0x0000000686000000| Untracked 
|  14|0x0000000686400000, 0x0000000686400000, 0x0000000686800000|  0%| F|  |TAMS 0x0000000686400000, 0x0000000686400000| Untracked 
|  15|0x0000000686800000, 0x0000000686ad8250, 0x0000000686c00000| 71%| E|  |TAMS 0x0000000686800000, 0x0000000686800000| Complete 
|  16|0x0000000686c00000, 0x0000000687000000, 0x0000000687000000|100%| E|CS|TAMS 0x0000000686c00000, 0x0000000686c00000| Complete 
|  17|0x0000000687000000, 0x0000000687400000, 0x0000000687400000|100%| E|CS|TAMS 0x0000000687000000, 0x0000000687000000| Complete 
|  18|0x0000000687400000, 0x0000000687800000, 0x0000000687800000|100%| E|CS|TAMS 0x0000000687400000, 0x0000000687400000| Complete 
|  95|0x000000069a800000, 0x000000069ac00000, 0x000000069ac00000|100%| E|CS|TAMS 0x000000069a800000, 0x000000069a800000| Complete 

Card table byte_map: [0x0000018b5bce0000,0x0000018b5c8d0000] _byte_map_base: 0x0000018b588ca000

Marking Bits (Prev, Next): (CMBitMap*) 0x0000018b69394a90, (CMBitMap*) 0x0000018b69394ad0
 Prev Bits: [0x0000018b5d4c0000, 0x0000018b63410000)
 Next Bits: [0x0000018b63410000, 0x0000018b69360000)

Polling page: 0x0000018b438a0000

Metaspace:

Usage:
  Non-class:     49.06 MB used.
      Class:      6.64 MB used.
       Both:     55.70 MB used.

Virtual space:
  Non-class space:       64.00 MB reserved,      49.38 MB ( 77%) committed,  1 nodes.
      Class space:        1.00 GB reserved,       6.94 MB ( <1%) committed,  1 nodes.
             Both:        1.06 GB reserved,      56.31 MB (  5%) committed. 

Chunk freelists:
   Non-Class:  14.03 MB
       Class:  8.93 MB
        Both:  22.96 MB

MaxMetaspaceSize: unlimited
CompressedClassSpaceSize: 1.00 GB
Initial GC threshold: 21.00 MB
Current GC threshold: 59.00 MB
CDS: on
MetaspaceReclaimPolicy: balanced
 - commit_granule_bytes: 65536.
 - commit_granule_words: 8192.
 - virtual_space_node_default_size: 8388608.
 - enlarge_chunks_in_place: 1.
 - new_chunks_are_fully_committed: 0.
 - uncommit_free_chunks: 1.
 - use_allocation_guard: 0.
 - handle_deallocations: 1.


Internal statistics:

num_allocs_failed_limit: 6.
num_arena_births: 754.
num_arena_deaths: 0.
num_vsnodes_births: 2.
num_vsnodes_deaths: 0.
num_space_committed: 901.
num_space_uncommitted: 0.
num_chunks_returned_to_freelist: 6.
num_chunks_taken_from_freelist: 2717.
num_chunk_merges: 6.
num_chunk_splits: 1908.
num_chunks_enlarged: 1463.
num_inconsistent_stats: 0.

CodeHeap 'non-profiled nmethods': size=120000Kb used=4050Kb max_used=4050Kb free=115949Kb
 bounds [0x0000018b53ab0000, 0x0000018b53eb0000, 0x0000018b5afe0000]
CodeHeap 'profiled nmethods': size=120000Kb used=15080Kb max_used=15080Kb free=104919Kb
 bounds [0x0000018b4bfe0000, 0x0000018b4cea0000, 0x0000018b53510000]
CodeHeap 'non-nmethods': size=5760Kb used=1327Kb max_used=1414Kb free=4433Kb
 bounds [0x0000018b53510000, 0x0000018b53780000, 0x0000018b53ab0000]
 total_blobs=7580 nmethods=6925 adapters=567
 compilation: enabled
              stopped_count=0, restarted_count=0
 full_count=0

Compilation events (20 events):
Event: 1521.204 Thread 0x0000018b69542720 nmethod 7680 0x0000018b53ea2b10 code [0x0000018b53ea2ca0, 0x0000018b53ea33e8]
Event: 1523.569 Thread 0x0000018b69542720 7681       4       java.util.concurrent.locks.LockSupport::setBlocker (12 bytes)
Event: 1523.570 Thread 0x0000018b69542720 nmethod 7681 0x0000018b53ea3610 code [0x0000018b53ea3780, 0x0000018b53ea38d8]
Event: 1573.879 Thread 0x0000018b6953fa60 7682       3       org.bson.types.ObjectId::<init> (37 bytes)
Event: 1573.879 Thread 0x0000018b6953fa60 nmethod 7682 0x0000018b4ce96410 code [0x0000018b4ce966c0, 0x0000018b4ce97118]
Event: 1573.879 Thread 0x0000018b6953fa60 7683       3       org.bson.assertions.Assertions::isTrueArgument (33 bytes)
Event: 1573.879 Thread 0x0000018b6953fa60 nmethod 7683 0x0000018b4ce97590 code [0x0000018b4ce977c0, 0x0000018b4ce97e18]
Event: 1573.879 Thread 0x0000018b6953fa60 7684       3       org.bson.types.ObjectId::<init> (109 bytes)
Event: 1573.880 Thread 0x0000018b6953fa60 nmethod 7684 0x0000018b4ce98090 code [0x0000018b4ce98420, 0x0000018b4ce99a58]
Event: 1573.880 Thread 0x0000018b6953fa60 7685       3       org.bson.types.ObjectId::makeShort (16 bytes)
Event: 1573.880 Thread 0x0000018b6953fa60 nmethod 7685 0x0000018b4ce9a110 code [0x0000018b4ce9a2a0, 0x0000018b4ce9a3b8]
Event: 1603.905 Thread 0x0000018b69542720 7686       4       java.util.HashMap$KeySet::iterator (12 bytes)
Event: 1603.907 Thread 0x0000018b69542720 nmethod 7686 0x0000018b53ea3990 code [0x0000018b53ea3b20, 0x0000018b53ea3dd8]
Event: 1604.000 Thread 0x0000018b69542720 7687       4       java.util.concurrent.locks.AbstractQueuedSynchronizer$Node::getAndUnsetStatus (14 bytes)
Event: 1604.001 Thread 0x0000018b69542720 nmethod 7687 0x0000018b53ea3f90 code [0x0000018b53ea4100, 0x0000018b53ea41b8]
Event: 1663.941 Thread 0x0000018b6953fa60 7688       3       com.mongodb.assertions.Assertions::isTrue (32 bytes)
Event: 1663.941 Thread 0x0000018b6953fa60 nmethod 7688 0x0000018b4ce9a490 code [0x0000018b4ce9a6c0, 0x0000018b4ce9ad18]
Event: 1664.540 Thread 0x0000018b69542720 7689       4       java.util.HashMap::containsKey (14 bytes)
Event: 1664.542 Thread 0x0000018b69542720 nmethod 7689 0x0000018b53ea4290 code [0x0000018b53ea4420, 0x0000018b53ea46f8]
Event: 1682.843 Thread 0x0000018b69542720 7690   !   4       java.util.concurrent.locks.AbstractQueuedSynchronizer::acquire (407 bytes)

GC Heap History (20 events):
Event: 1.107 GC heap before
{Heap before GC invocations=2 (full 0):
 garbage-first heap   total 393216K, used 39289K [0x0000000682c00000, 0x0000000800000000)
  region size 4096K, 9 young (36864K), 1 survivors (4096K)
 Metaspace       used 14766K, committed 15040K, reserved 1114112K
  class space    used 1859K, committed 1984K, reserved 1048576K
}
Event: 1.110 GC heap after
{Heap after GC invocations=3 (full 0):
 garbage-first heap   total 393216K, used 8702K [0x0000000682c00000, 0x0000000800000000)
  region size 4096K, 1 young (4096K), 1 survivors (4096K)
 Metaspace       used 14766K, committed 15040K, reserved 1114112K
  class space    used 1859K, committed 1984K, reserved 1048576K
}
Event: 1.846 GC heap before
{Heap before GC invocations=3 (full 0):
 garbage-first heap   total 393216K, used 57854K [0x0000000682c00000, 0x0000000800000000)
  region size 4096K, 14 young (57344K), 1 survivors (4096K)
 Metaspace       used 21238K, committed 21504K, reserved 1114112K
  class space    used 2647K, committed 2816K, reserved 1048576K
}
Event: 1.850 GC heap after
{Heap after GC invocations=4 (full 0):
 garbage-first heap   total 393216K, used 12695K [0x0000000682c00000, 0x0000000800000000)
  region size 4096K, 2 young (8192K), 2 survivors (8192K)
 Metaspace       used 21238K, committed 21504K, reserved 1114112K
  class space    used 2647K, committed 2816K, reserved 1048576K
}
Event: 2.469 GC heap before
{Heap before GC invocations=5 (full 0):
 garbage-first heap   total 69632K, used 45463K [0x0000000682c00000, 0x0000000800000000)
  region size 4096K, 10 young (40960K), 2 survivors (8192K)
 Metaspace       used 28070K, committed 28480K, reserved 1114112K
  class space    used 3525K, committed 3712K, reserved 1048576K
}
Event: 2.476 GC heap after
{Heap after GC invocations=6 (full 0):
 garbage-first heap   total 69632K, used 15505K [0x0000000682c00000, 0x0000000800000000)
  region size 4096K, 2 young (8192K), 2 survivors (8192K)
 Metaspace       used 28070K, committed 28480K, reserved 1114112K
  class space    used 3525K, committed 3712K, reserved 1048576K
}
Event: 2.519 GC heap before
{Heap before GC invocations=6 (full 0):
 garbage-first heap   total 69632K, used 15505K [0x0000000682c00000, 0x0000000800000000)
  region size 4096K, 3 young (12288K), 2 survivors (8192K)
 Metaspace       used 28253K, committed 28736K, reserved 1114112K
  class space    used 3532K, committed 3776K, reserved 1048576K
}
Event: 2.526 GC heap after
{Heap after GC invocations=7 (full 0):
 garbage-first heap   total 69632K, used 16612K [0x0000000682c00000, 0x0000000800000000)
  region size 4096K, 1 young (4096K), 1 survivors (4096K)
 Metaspace       used 28253K, committed 28736K, reserved 1114112K
  class space    used 3532K, committed 3776K, reserved 1048576K
}
Event: 2.839 GC heap before
{Heap before GC invocations=7 (full 0):
 garbage-first heap   total 69632K, used 45284K [0x0000000682c00000, 0x0000000800000000)
  region size 4096K, 8 young (32768K), 1 survivors (4096K)
 Metaspace       used 32048K, committed 32512K, reserved 1114112K
  class space    used 4082K, committed 4288K, reserved 1048576K
}
Event: 2.843 GC heap after
{Heap after GC invocations=8 (full 0):
 garbage-first heap   total 69632K, used 16457K [0x0000000682c00000, 0x0000000800000000)
  region size 4096K, 1 young (4096K), 1 survivors (4096K)
 Metaspace       used 32048K, committed 32512K, reserved 1114112K
  class space    used 4082K, committed 4288K, reserved 1048576K
}
Event: 3.186 GC heap before
{Heap before GC invocations=8 (full 0):
 garbage-first heap   total 69632K, used 36937K [0x0000000682c00000, 0x0000000800000000)
  region size 4096K, 7 young (28672K), 1 survivors (4096K)
 Metaspace       used 35660K, committed 36096K, reserved 1114112K
  class space    used 4648K, committed 4864K, reserved 1048576K
}
Event: 3.190 GC heap after
{Heap after GC invocations=9 (full 0):
 garbage-first heap   total 233472K, used 18567K [0x0000000682c00000, 0x0000000800000000)
  region size 4096K, 1 young (4096K), 1 survivors (4096K)
 Metaspace       used 35660K, committed 36096K, reserved 1114112K
  class space    used 4648K, committed 4864K, reserved 1048576K
}
Event: 10.071 GC heap before
{Heap before GC invocations=10 (full 0):
 garbage-first heap   total 81920K, used 63623K [0x0000000682c00000, 0x0000000800000000)
  region size 4096K, 12 young (49152K), 1 survivors (4096K)
 Metaspace       used 42422K, committed 42880K, reserved 1114112K
  class space    used 5454K, committed 5696K, reserved 1048576K
}
Event: 10.078 GC heap after
{Heap after GC invocations=11 (full 0):
 garbage-first heap   total 81920K, used 22053K [0x0000000682c00000, 0x0000000800000000)
  region size 4096K, 2 young (8192K), 2 survivors (8192K)
 Metaspace       used 42422K, committed 42880K, reserved 1114112K
  class space    used 5454K, committed 5696K, reserved 1048576K
}
Event: 10.139 GC heap before
{Heap before GC invocations=11 (full 0):
 garbage-first heap   total 81920K, used 22053K [0x0000000682c00000, 0x0000000800000000)
  region size 4096K, 3 young (12288K), 2 survivors (8192K)
 Metaspace       used 43601K, committed 44096K, reserved 1114112K
  class space    used 5511K, committed 5760K, reserved 1048576K
}
Event: 10.145 GC heap after
{Heap after GC invocations=12 (full 0):
 garbage-first heap   total 81920K, used 22273K [0x0000000682c00000, 0x0000000800000000)
  region size 4096K, 1 young (4096K), 1 survivors (4096K)
 Metaspace       used 43601K, committed 44096K, reserved 1114112K
  class space    used 5511K, committed 5760K, reserved 1048576K
}
Event: 124.341 GC heap before
{Heap before GC invocations=12 (full 0):
 garbage-first heap   total 81920K, used 50945K [0x0000000682c00000, 0x0000000800000000)
  region size 4096K, 9 young (36864K), 1 survivors (4096K)
 Metaspace       used 50802K, committed 51328K, reserved 1114112K
  class space    used 6231K, committed 6464K, reserved 1048576K
}
Event: 124.344 GC heap after
{Heap after GC invocations=13 (full 0):
 garbage-first heap   total 81920K, used 23558K [0x0000000682c00000, 0x0000000800000000)
  region size 4096K, 1 young (4096K), 1 survivors (4096K)
 Metaspace       used 50802K, committed 51328K, reserved 1114112K
  class space    used 6231K, committed 6464K, reserved 1048576K
}
Event: 142.907 GC heap before
{Heap before GC invocations=13 (full 0):
 garbage-first heap   total 81920K, used 52230K [0x0000000682c00000, 0x0000000800000000)
  region size 4096K, 9 young (36864K), 1 survivors (4096K)
 Metaspace       used 55838K, committed 56384K, reserved 1114112K
  class space    used 6740K, committed 7040K, reserved 1048576K
}
Event: 142.909 GC heap after
{Heap after GC invocations=14 (full 0):
 garbage-first heap   total 81920K, used 26080K [0x0000000682c00000, 0x0000000800000000)
  region size 4096K, 2 young (8192K), 2 survivors (8192K)
 Metaspace       used 55838K, committed 56384K, reserved 1114112K
  class space    used 6740K, committed 7040K, reserved 1048576K
}

Deoptimization events (20 events):
Event: 737.521 Thread 0x0000018b72571fa0 DEOPT PACKING pc=0x0000018b4c7a0c48 sp=0x00000052824ff140
Event: 737.521 Thread 0x0000018b72571fa0 DEOPT UNPACKING pc=0x0000018b53562b43 sp=0x00000052824fe680 mode 0
Event: 737.524 Thread 0x0000018b72570140 DEOPT PACKING pc=0x0000018b4c77173b sp=0x00000052825fced0
Event: 737.524 Thread 0x0000018b72570140 DEOPT UNPACKING pc=0x0000018b53562b43 sp=0x00000052825fc408 mode 0
Event: 844.752 Thread 0x0000018b72571fa0 Uncommon trap: trap_request=0xffffff45 fr.pc=0x0000018b53e1c03c relative=0x000000000000029c
Event: 844.752 Thread 0x0000018b72571fa0 Uncommon trap: reason=unstable_if action=reinterpret pc=0x0000018b53e1c03c method=java.util.concurrent.ConcurrentHashMap.get(Ljava/lang/Object;)Ljava/lang/Object; @ 86 c2
Event: 844.752 Thread 0x0000018b72571fa0 DEOPT PACKING pc=0x0000018b53e1c03c sp=0x00000052824fb490
Event: 844.752 Thread 0x0000018b72571fa0 DEOPT UNPACKING pc=0x0000018b535623a3 sp=0x00000052824fb408 mode 2
Event: 844.752 Thread 0x0000018b72571fa0 Uncommon trap: trap_request=0xffffff45 fr.pc=0x0000018b53b2c5f4 relative=0x00000000000002d4
Event: 844.752 Thread 0x0000018b72571fa0 Uncommon trap: reason=unstable_if action=reinterpret pc=0x0000018b53b2c5f4 method=java.util.concurrent.ConcurrentHashMap$Traverser.advance()Ljava/util/concurrent/ConcurrentHashMap$Node; @ 84 c2
Event: 844.752 Thread 0x0000018b72571fa0 DEOPT PACKING pc=0x0000018b53b2c5f4 sp=0x00000052824fb470
Event: 844.752 Thread 0x0000018b72571fa0 DEOPT UNPACKING pc=0x0000018b535623a3 sp=0x00000052824fb420 mode 2
Event: 844.788 Thread 0x0000018b72571fa0 Uncommon trap: trap_request=0xffffff45 fr.pc=0x0000018b53e09e34 relative=0x0000000000001294
Event: 844.788 Thread 0x0000018b72571fa0 Uncommon trap: reason=unstable_if action=reinterpret pc=0x0000018b53e09e34 method=org.bson.io.ByteBufferBsonInput.readString(I)Ljava/lang/String; @ 2 c2
Event: 844.788 Thread 0x0000018b72571fa0 DEOPT PACKING pc=0x0000018b53e09e34 sp=0x00000052824fa590
Event: 844.788 Thread 0x0000018b72571fa0 DEOPT UNPACKING pc=0x0000018b535623a3 sp=0x00000052824fa478 mode 2
Event: 844.803 Thread 0x0000018b72571fa0 Uncommon trap: trap_request=0xffffffde fr.pc=0x0000018b53c1f59c relative=0x00000000000000fc
Event: 844.803 Thread 0x0000018b72571fa0 Uncommon trap: reason=class_check action=maybe_recompile pc=0x0000018b53c1f59c method=org.springframework.util.ConcurrentReferenceHashMap.get(Ljava/lang/Object;)Ljava/lang/Object; @ 14 c2
Event: 844.803 Thread 0x0000018b72571fa0 DEOPT PACKING pc=0x0000018b53c1f59c sp=0x00000052824fb5e0
Event: 844.803 Thread 0x0000018b72571fa0 DEOPT UNPACKING pc=0x0000018b535623a3 sp=0x00000052824fb570 mode 2

Classes unloaded (0 events):
No events

Classes redefined (0 events):
No events

Internal exceptions (20 events):
Event: 124.194 Thread 0x0000018b7256bf70 Exception <a 'java/lang/reflect/InvocationTargetException'{0x0000000685f7fe48}> (0x0000000685f7fe48) 
thrown [s\open\src\hotspot\share\runtime\reflection.cpp, line 1121]
Event: 124.203 Thread 0x0000018b7256bf70 Exception <a 'sun/nio/fs/WindowsException'{0x0000000685fb3f68}> (0x0000000685fb3f68) 
thrown [s\open\src\hotspot\share\prims\jni.cpp, line 516]
Event: 124.267 Thread 0x0000018b7256bf70 Exception <a 'java/lang/NoSuchMethodError'{0x0000000685923980}: 'java.lang.Object java.lang.invoke.DirectMethodHandle$Holder.invokeVirtual(java.lang.Object, java.lang.Object, java.lang.Object, java.lang.Object, java.lang.Object)'> (0x0000000685923980) 
thrown [s\open\src\hotspot\share\interpreter\linkResolver.cpp, line 759]
Event: 124.287 Thread 0x0000018b7256bf70 Exception <a 'java/lang/NoSuchMethodError'{0x0000000685a22618}: 'void java.lang.invoke.Invokers$Holder.invoke_MT(java.lang.Object, java.lang.Object, java.lang.Object, java.lang.Object)'> (0x0000000685a22618) 
thrown [s\open\src\hotspot\share\interpreter\linkResolver.cpp, line 759]
Event: 124.287 Thread 0x0000018b7256bf70 Implicit null exception at 0x0000018b53c017c0 to 0x0000018b53c019e4
Event: 124.288 Thread 0x0000018b7256bf70 Exception <a 'java/lang/NoSuchMethodError'{0x0000000685a35a48}: 'double java.lang.invoke.DelegatingMethodHandle$Holder.reinvoke_L(java.lang.Object, java.lang.Object, int)'> (0x0000000685a35a48) 
thrown [s\open\src\hotspot\share\interpreter\linkResolver.cpp, line 759]
Event: 124.289 Thread 0x0000018b7256bf70 Exception <a 'java/lang/NoSuchMethodError'{0x0000000685a476d8}: 'java.lang.Object java.lang.invoke.DirectMethodHandle$Holder.invokeStatic(java.lang.Object, java.lang.Object, java.lang.Object, java.lang.Object, int)'> (0x0000000685a476d8) 
thrown [s\open\src\hotspot\share\interpreter\linkResolver.cpp, line 759]
Event: 124.290 Thread 0x0000018b7256bf70 Exception <a 'java/lang/NoSuchMethodError'{0x0000000685a528b8}: 'void java.lang.invoke.DelegatingMethodHandle$Holder.reinvoke_L(java.lang.Object, java.lang.Object, double)'> (0x0000000685a528b8) 
thrown [s\open\src\hotspot\share\interpreter\linkResolver.cpp, line 759]
Event: 135.392 Thread 0x0000018b72570b60 Exception <a 'java/lang/NoSuchMethodError'{0x000000068768e0b0}: 'java.lang.Object java.lang.invoke.DirectMethodHandle$Holder.invokeStaticInit(java.lang.Object, java.lang.Object, int)'> (0x000000068768e0b0) 
thrown [s\open\src\hotspot\share\interpreter\linkResolver.cpp, line 759]
Event: 135.393 Thread 0x0000018b72570b60 Exception <a 'java/lang/NoSuchMethodError'{0x0000000687694970}: 'java.lang.Object java.lang.invoke.DirectMethodHandle$Holder.newInvokeSpecial(java.lang.Object, java.lang.Object, int)'> (0x0000000687694970) 
thrown [s\open\src\hotspot\share\interpreter\linkResolver.cpp, line 759]
Event: 135.500 Thread 0x0000018b72570b60 Exception <a 'java/lang/NoSuchMethodError'{0x00000006873b2998}: 'void java.lang.invoke.DirectMethodHandle$Holder.invokeStatic(java.lang.Object, java.lang.Object, java.lang.Object, java.lang.Object, java.lang.Object, java.lang.Object, java.lang.Object)'> (0x00000006873b2998) 
thrown [s\open\src\hotspot\share\interpreter\linkResolver.cpp, line 759]
Event: 135.549 Thread 0x0000018b7256d8c0 Exception <a 'java/lang/NoSuchMethodError'{0x00000006873bffa0}: 'void java.lang.invoke.DirectMethodHandle$Holder.invokeStatic(java.lang.Object, java.lang.Object, int)'> (0x00000006873bffa0) 
thrown [s\open\src\hotspot\share\interpreter\linkResolver.cpp, line 759]
Event: 135.577 Thread 0x0000018b7256ddd0 Exception <a 'java/lang/NoSuchMethodError'{0x0000000686d4ad38}: 'java.lang.Object java.lang.invoke.DirectMethodHandle$Holder.newInvokeSpecial(java.lang.Object, java.lang.Object, long, java.lang.Object, java.lang.Object, java.lang.Object)'> (0x0000000686d4ad38) 
thrown [s\open\src\hotspot\share\interpreter\linkResolver.cpp, line 759]
Event: 135.579 Thread 0x0000018b7256ddd0 Exception <a 'java/lang/NoSuchMethodError'{0x0000000686d52940}: 'java.lang.Object java.lang.invoke.Invokers$Holder.linkToTargetMethod(java.lang.Object, long, java.lang.Object, java.lang.Object, java.lang.Object, java.lang.Object)'> (0x0000000686d52940) 
thrown [s\open\src\hotspot\share\interpreter\linkResolver.cpp, line 759]
Event: 844.749 Thread 0x0000018b72571fa0 Exception <a 'java/lang/NoSuchMethodError'{0x0000000686ce22c0}: 'java.lang.Object java.lang.invoke.Invokers$Holder.invoke_MT(java.lang.Object, java.lang.Object, java.lang.Object)'> (0x0000000686ce22c0) 
thrown [s\open\src\hotspot\share\interpreter\linkResolver.cpp, line 759]
Event: 844.750 Thread 0x0000018b72571fa0 Exception <a 'java/lang/NoSuchMethodError'{0x0000000686dbd3b8}: 'double java.lang.invoke.DelegatingMethodHandle$Holder.reinvoke_L(java.lang.Object, java.lang.Object)'> (0x0000000686dbd3b8) 
thrown [s\open\src\hotspot\share\interpreter\linkResolver.cpp, line 759]
Event: 844.776 Thread 0x0000018b72571fa0 Exception <a 'java/lang/NoSuchMethodError'{0x0000000686ea77a0}: 'java.lang.Object java.lang.invoke.DirectMethodHandle$Holder.newInvokeSpecial(java.lang.Object, double)'> (0x0000000686ea77a0) 
thrown [s\open\src\hotspot\share\interpreter\linkResolver.cpp, line 759]
Event: 844.777 Thread 0x0000018b72571fa0 Exception <a 'java/lang/NoSuchMethodError'{0x0000000686eac0d0}: 'void java.lang.invoke.DirectMethodHandle$Holder.invokeSpecial(java.lang.Object, java.lang.Object, double)'> (0x0000000686eac0d0) 
thrown [s\open\src\hotspot\share\interpreter\linkResolver.cpp, line 759]
Event: 844.778 Thread 0x0000018b72571fa0 Exception <a 'java/lang/NoSuchMethodError'{0x0000000686eb2818}: 'java.lang.Object java.lang.invoke.DirectMethodHandle$Holder.newInvokeSpecial(java.lang.Object, java.lang.Object, double)'> (0x0000000686eb2818) 
thrown [s\open\src\hotspot\share\interpreter\linkResolver.cpp, line 759]
Event: 844.778 Thread 0x0000018b72571fa0 Exception <a 'java/lang/NoSuchMethodError'{0x0000000686eb6f70}: 'java.lang.Object java.lang.invoke.DirectMethodHandle$Holder.invokeSpecial(java.lang.Object, java.lang.Object, java.lang.Object, double)'> (0x0000000686eb6f70) 
thrown [s\open\src\hotspot\share\interpreter\linkResolver.cpp, line 759]

VM Operations (20 events):
Event: 1043.573 Executing VM operation: Cleanup
Event: 1043.573 Executing VM operation: Cleanup done
Event: 1084.834 Executing VM operation: Cleanup
Event: 1084.834 Executing VM operation: Cleanup done
Event: 1093.911 Executing VM operation: Cleanup
Event: 1093.911 Executing VM operation: Cleanup done
Event: 1244.763 Executing VM operation: Cleanup
Event: 1244.763 Executing VM operation: Cleanup done
Event: 1295.002 Executing VM operation: Cleanup
Event: 1295.002 Executing VM operation: Cleanup done
Event: 1304.045 Executing VM operation: Cleanup
Event: 1304.045 Executing VM operation: Cleanup done
Event: 1434.071 Executing VM operation: Cleanup
Event: 1434.071 Executing VM operation: Cleanup done
Event: 1455.262 Executing VM operation: Cleanup
Event: 1455.262 Executing VM operation: Cleanup done
Event: 1475.426 Executing VM operation: Cleanup
Event: 1475.426 Executing VM operation: Cleanup done
Event: 1674.567 Executing VM operation: Cleanup
Event: 1674.567 Executing VM operation: Cleanup done

Events (20 events):
Event: 142.530 loading class jdk/internal/math/FormattedFloatingDecimal$Form
Event: 142.531 loading class jdk/internal/math/FormattedFloatingDecimal$Form done
Event: 142.531 loading class jdk/internal/math/FormattedFloatingDecimal
Event: 142.531 loading class jdk/internal/math/FormattedFloatingDecimal done
Event: 142.531 loading class jdk/internal/math/FormattedFloatingDecimal$1
Event: 142.531 loading class jdk/internal/math/FormattedFloatingDecimal$1 done
Event: 142.531 loading class jdk/internal/math/FormattedFloatingDecimal$2
Event: 142.531 loading class jdk/internal/math/FormattedFloatingDecimal$2 done
Event: 142.537 Thread 0x0000018b735b6330 Thread added: 0x0000018b735b6330
Event: 143.585 loading class java/util/LinkedList$LLSpliterator
Event: 143.586 loading class java/util/LinkedList$LLSpliterator done
Event: 143.587 Thread 0x0000018b735b6330 Thread exited: 0x0000018b735b6330
Event: 143.588 Thread 0x0000018b7256d8c0 Thread exited: 0x0000018b7256d8c0
Event: 143.588 Thread 0x0000018b7256ddd0 Thread exited: 0x0000018b7256ddd0
Event: 143.588 Thread 0x0000018b7256e2e0 Thread exited: 0x0000018b7256e2e0
Event: 143.588 Thread 0x0000018b7256f210 Thread exited: 0x0000018b7256f210
Event: 844.752 loading class java/util/concurrent/ConcurrentHashMap$TreeBin
Event: 844.753 loading class java/util/concurrent/ConcurrentHashMap$TreeBin done
Event: 1023.487 Thread 0x0000018b6bc72350 flushing nmethod 0x0000018b4ca09b90
Event: 1023.487 Thread 0x0000018b6bc72350 flushing nmethod 0x0000018b4ca0a410


Dynamic libraries:
0x00007ff7572b0000 - 0x00007ff7572c0000 	C:\Program Files\Java\jdk-17\bin\java.exe
0x00007ffd23b70000 - 0x00007ffd23d67000 	C:\Windows\SYSTEM32\ntdll.dll
0x00007ffd22200000 - 0x00007ffd222bd000 	C:\Windows\System32\KERNEL32.DLL
0x00007ffd21690000 - 0x00007ffd21986000 	C:\Windows\System32\KERNELBASE.dll
0x00007ffd21250000 - 0x00007ffd21350000 	C:\Windows\System32\ucrtbase.dll
0x00007ffd0cb30000 - 0x00007ffd0cb49000 	C:\Program Files\Java\jdk-17\bin\jli.dll
0x00007ffd07630000 - 0x00007ffd0764b000 	C:\Program Files\Java\jdk-17\bin\VCRUNTIME140.dll
0x00007ffd21bd0000 - 0x00007ffd21c7e000 	C:\Windows\System32\ADVAPI32.dll
0x00007ffd23090000 - 0x00007ffd2312e000 	C:\Windows\System32\msvcrt.dll
0x00007ffd22450000 - 0x00007ffd224ec000 	C:\Windows\System32\sechost.dll
0x00007ffd222c0000 - 0x00007ffd223e6000 	C:\Windows\System32\RPCRT4.dll
0x00007ffd23130000 - 0x00007ffd232ce000 	C:\Windows\System32\USER32.dll
0x00007ffd21350000 - 0x00007ffd21372000 	C:\Windows\System32\win32u.dll
0x00007ffd23a30000 - 0x00007ffd23a5c000 	C:\Windows\System32\GDI32.dll
0x00007ffd08c40000 - 0x00007ffd08eda000 	C:\Windows\WinSxS\amd64_microsoft.windows.common-controls_6595b64144ccf1df_6.0.19041.3570_none_60bb2a3971f3e41a\COMCTL32.dll
0x00007ffd214e0000 - 0x00007ffd215fa000 	C:\Windows\System32\gdi32full.dll
0x00007ffd21440000 - 0x00007ffd214dd000 	C:\Windows\System32\msvcp_win.dll
0x00007ffd1b3f0000 - 0x00007ffd1b3fa000 	C:\Windows\SYSTEM32\VERSION.dll
0x00007ffd21fd0000 - 0x00007ffd22000000 	C:\Windows\System32\IMM32.DLL
0x00007ffcf7370000 - 0x00007ffcf74db000 	C:\Windows\system32\tmumh\20019\AddOn\8.55.0.1119\TmUmEvt64.dll
0x00007ffd23530000 - 0x00007ffd23538000 	C:\Windows\System32\PSAPI.DLL
0x000000005f5a0000 - 0x000000005f713000 	C:\Windows\system32\tmumh\20019\TmMon\2.9.0.1042\tmmon64.dll
0x00007ffd0bf10000 - 0x00007ffd0bf1c000 	C:\Program Files\Java\jdk-17\bin\vcruntime140_1.dll
0x00007ffce5ef0000 - 0x00007ffce5f7e000 	C:\Program Files\Java\jdk-17\bin\msvcp140.dll
0x00007ffce4700000 - 0x00007ffce52e0000 	C:\Program Files\Java\jdk-17\bin\server\jvm.dll
0x00007ffd0e210000 - 0x00007ffd0e219000 	C:\Windows\SYSTEM32\WSOCK32.dll
0x00007ffd22c60000 - 0x00007ffd22ccb000 	C:\Windows\System32\WS2_32.dll
0x00007ffd0e250000 - 0x00007ffd0e277000 	C:\Windows\SYSTEM32\WINMM.dll
0x00007ffd1faa0000 - 0x00007ffd1fab2000 	C:\Windows\SYSTEM32\kernel.appcore.dll
0x00007ffd0b890000 - 0x00007ffd0b89a000 	C:\Program Files\Java\jdk-17\bin\jimage.dll
0x00007ffd1f3e0000 - 0x00007ffd1f5c4000 	C:\Windows\SYSTEM32\DBGHELP.DLL
0x00007ffd14fe0000 - 0x00007ffd15014000 	C:\Windows\SYSTEM32\dbgcore.DLL
0x00007ffd21600000 - 0x00007ffd21682000 	C:\Windows\System32\bcryptPrimitives.dll
0x00007ffcfc250000 - 0x00007ffcfc275000 	C:\Program Files\Java\jdk-17\bin\java.dll
0x00007ffce5e10000 - 0x00007ffce5ee7000 	C:\Program Files\Java\jdk-17\bin\jsvml.dll
0x00007ffd22510000 - 0x00007ffd22c54000 	C:\Windows\System32\SHELL32.dll
0x00007ffd1ec40000 - 0x00007ffd1f3db000 	C:\Windows\SYSTEM32\windows.storage.dll
0x00007ffd22cd0000 - 0x00007ffd23024000 	C:\Windows\System32\combase.dll
0x00007ffd20ae0000 - 0x00007ffd20b0d000 	C:\Windows\SYSTEM32\Wldp.dll
0x00007ffd23a60000 - 0x00007ffd23b0d000 	C:\Windows\System32\SHCORE.dll
0x00007ffd233f0000 - 0x00007ffd23445000 	C:\Windows\System32\shlwapi.dll
0x00007ffd21180000 - 0x00007ffd211a5000 	C:\Windows\SYSTEM32\profapi.dll
0x00007ffcfe8f0000 - 0x00007ffcfe909000 	C:\Program Files\Java\jdk-17\bin\net.dll
0x00007ffd20170000 - 0x00007ffd2027a000 	C:\Windows\SYSTEM32\WINHTTP.dll
0x00007ffd208c0000 - 0x00007ffd2092a000 	C:\Windows\system32\mswsock.dll
0x00007ffcfc5b0000 - 0x00007ffcfc5c6000 	C:\Program Files\Java\jdk-17\bin\nio.dll
0x00007ffcf8c20000 - 0x00007ffcf8c38000 	C:\Program Files\Java\jdk-17\bin\zip.dll
0x00007ffd205d0000 - 0x00007ffd2060b000 	C:\Windows\SYSTEM32\IPHLPAPI.DLL
0x00007ffd22500000 - 0x00007ffd22508000 	C:\Windows\System32\NSI.dll
0x00007ffd1bd70000 - 0x00007ffd1bd87000 	C:\Windows\SYSTEM32\dhcpcsvc6.DLL
0x00007ffd1bd10000 - 0x00007ffd1bd2d000 	C:\Windows\SYSTEM32\dhcpcsvc.DLL
0x00007ffd20610000 - 0x00007ffd206da000 	C:\Windows\SYSTEM32\DNSAPI.dll
0x00007ffd19980000 - 0x00007ffd1998a000 	C:\Windows\System32\rasadhlp.dll
0x00007ffd1c1c0000 - 0x00007ffd1c242000 	C:\Windows\System32\fwpuclnt.dll
0x00007ffd21990000 - 0x00007ffd219b7000 	C:\Windows\System32\bcrypt.dll
0x00007ffd0ada0000 - 0x00007ffd0adae000 	C:\Program Files\Java\jdk-17\bin\sunmscapi.dll
0x00007ffd219c0000 - 0x00007ffd21b1d000 	C:\Windows\System32\CRYPT32.dll
0x00007ffd20c90000 - 0x00007ffd20cb7000 	C:\Windows\SYSTEM32\ncrypt.dll
0x00007ffd20c30000 - 0x00007ffd20c6b000 	C:\Windows\SYSTEM32\NTASN1.dll
0x00007ffd20b20000 - 0x00007ffd20b38000 	C:\Windows\SYSTEM32\CRYPTSP.dll
0x00007ffd200e0000 - 0x00007ffd20114000 	C:\Windows\system32\rsaenh.dll
0x00007ffd21140000 - 0x00007ffd2116e000 	C:\Windows\SYSTEM32\USERENV.dll
0x00007ffd20a50000 - 0x00007ffd20a5c000 	C:\Windows\SYSTEM32\CRYPTBASE.dll
0x00007ffcf8ee0000 - 0x00007ffcf8eea000 	C:\Program Files\Java\jdk-17\bin\management.dll
0x00007ffce8e60000 - 0x00007ffce8e6b000 	C:\Program Files\Java\jdk-17\bin\management_ext.dll
0x00007ffcfc240000 - 0x00007ffcfc247000 	C:\Windows\system32\wshunix.dll
0x00007ffd0d4a0000 - 0x00007ffd0d4b0000 	C:\Program Files\Java\jdk-17\bin\verify.dll

dbghelp: loaded successfully - version: 4.0.5 - missing functions: none
symbol engine: initialized successfully - sym options: 0x614 - pdb path: .;C:\Program Files\Java\jdk-17\bin;C:\Windows\SYSTEM32;C:\Windows\WinSxS\amd64_microsoft.windows.common-controls_6595b64144ccf1df_6.0.19041.3570_none_60bb2a3971f3e41a;C:\Windows\system32\tmumh\20019\AddOn\8.55.0.1119;C:\Windows\system32\tmumh\20019\TmMon\2.9.0.1042;C:\Program Files\Java\jdk-17\bin\server

VM Arguments:
jvm_args: -XX:+ShowCodeDetailsInExceptionMessages 
java_command: showdomilhao.ShowdomilhaoApplication
java_class_path (initial): C:\Users\01273835\Documents\showdomilhao\showdomilhao\target\classes;C:\Users\01273835\.m2\repository\org\springframework\boot\spring-boot-starter\3.3.1\spring-boot-starter-3.3.1.jar;C:\Users\01273835\.m2\repository\org\springframework\boot\spring-boot\3.3.1\spring-boot-3.3.1.jar;C:\Users\01273835\.m2\repository\org\springframework\boot\spring-boot-autoconfigure\3.3.1\spring-boot-autoconfigure-3.3.1.jar;C:\Users\01273835\.m2\repository\org\springframework\boot\spring-boot-starter-logging\3.3.1\spring-boot-starter-logging-3.3.1.jar;C:\Users\01273835\.m2\repository\ch\qos\logback\logback-classic\1.5.6\logback-classic-1.5.6.jar;C:\Users\01273835\.m2\repository\ch\qos\logback\logback-core\1.5.6\logback-core-1.5.6.jar;C:\Users\01273835\.m2\repository\org\apache\logging\log4j\log4j-to-slf4j\2.23.1\log4j-to-slf4j-2.23.1.jar;C:\Users\01273835\.m2\repository\org\apache\logging\log4j\log4j-api\2.23.1\log4j-api-2.23.1.jar;C:\Users\01273835\.m2\repository\org\slf4j\jul-to-slf4j\2.0.13\jul-to-slf4j-2.0.13.jar;C:\Users\01273835\.m2\repository\jakarta\annotation\jakarta.annotation-api\2.1.1\jakarta.annotation-api-2.1.1.jar;C:\Users\01273835\.m2\repository\org\springframework\spring-core\6.1.10\spring-core-6.1.10.jar;C:\Users\01273835\.m2\repository\org\springframework\spring-jcl\6.1.10\spring-jcl-6.1.10.jar;C:\Users\01273835\.m2\repository\org\yaml\snakeyaml\2.2\snakeyaml-2.2.jar;C:\Users\01273835\.m2\repository\org\springframework\boot\spring-boot-starter-web\3.3.1\spring-boot-starter-web-3.3.1.jar;C:\Users\01273835\.m2\repository\org\springframework\boot\spring-boot-starter-json\3.3.1\spring-boot-starter-json-3.3.1.jar;C:\Users\01273835\.m2\repository\com\fasterxml\jackson\core\jackson-databind\2.17.1\jackson-databind-2.17.1.jar;C:\Users\01273835\.m2\repository\com\fasterxml\jackson\core\jackson-annotations\2.17.1\jackson-annotations-2.17.1.jar;C:\Users\01273835\.m2\repository\com\fasterxml\jackson\core\jackson-core\2.17.1\jackson-core-2.17.1.jar;C:\
Launcher Type: SUN_STANDARD

[Global flags]
     intx CICompilerCount                          = 3                                         {product} {ergonomic}
     uint ConcGCThreads                            = 2                                         {product} {ergonomic}
     uint G1ConcRefinementThreads                  = 6                                         {product} {ergonomic}
   size_t G1HeapRegionSize                         = 4194304                                   {product} {ergonomic}
    uintx GCDrainStackTargetSize                   = 64                                        {product} {ergonomic}
   size_t InitialHeapSize                          = 402653184                                 {product} {ergonomic}
   size_t MarkStackSize                            = 4194304                                   {product} {ergonomic}
   size_t MaxHeapSize                              = 6396313600                                {product} {ergonomic}
   size_t MaxNewSize                               = 3837788160                                {product} {ergonomic}
   size_t MinHeapDeltaBytes                        = 4194304                                   {product} {ergonomic}
   size_t MinHeapSize                              = 8388608                                   {product} {ergonomic}
    uintx NonNMethodCodeHeapSize                   = 5832780                                {pd product} {ergonomic}
    uintx NonProfiledCodeHeapSize                  = 122912730                              {pd product} {ergonomic}
    uintx ProfiledCodeHeapSize                     = 122912730                              {pd product} {ergonomic}
    uintx ReservedCodeCacheSize                    = 251658240                              {pd product} {ergonomic}
     bool SegmentedCodeCache                       = true                                      {product} {ergonomic}
     bool ShowCodeDetailsInExceptionMessages       = true                                   {manageable} {command line}
   size_t SoftMaxHeapSize                          = 6396313600                             {manageable} {ergonomic}
     bool UseCompressedClassPointers               = true                           {product lp64_product} {ergonomic}
     bool UseCompressedOops                        = true                           {product lp64_product} {ergonomic}
     bool UseG1GC                                  = true                                      {product} {ergonomic}
     bool UseLargePagesIndividualAllocation        = false                                  {pd product} {ergonomic}

Logging:
Log output configuration:
 #0: stdout all=warning uptime,level,tags
 #1: stderr all=off uptime,level,tags

Environment Variables:
PATH=C:\Users\01273835\bin;C:\Program Files\Git\mingw64\bin;C:\Program Files\Git\usr\local\bin;C:\Program Files\Git\usr\bin;C:\Program Files\Git\usr\bin;C:\Program Files\Git\mingw64\bin;C:\Program Files\Git\usr\bin;C:\Users\01273835\bin;C:\ProgramData\Oracle\Java\javapath;C:\Program Files\Common Files\Oracle\Java\javapath;C:\Python310\Scripts;C:\Python310;C:\app\Administrador\product\19.0.0\client_1\bin;C:\sybase\DataAccess64\ADONET\dll;C:\sybase\DataAccess\ADONET\dll;C:\sybase\DataAccess64\ODBC\dll;C:\sybase\DataAccess\ODBC\dll;C:\sybase\OCS-16_0\lib3p64;C:\sybase\OCS-16_0\lib3p;C:\sybase\OCS-16_0\dll;C:\sybase\OCS-16_0\bin;C:\Windows\system32;C:\Windows;C:\Windows\System32\Wbem;C:\Windows\System32\WindowsPowerShell\v1.0;C:\Windows\System32\OpenSSH;C:\Panther;C:\Panther\Config;C:\Panther\Util;C:\Panther\Zaffari;C:\Program Files\Git\cmd;C:\flutter\flutter\bin;C:\ProgramData\chocolatey\bin;C:\Program Files (x86)\Yarn\bin;C:\Program Files\nodejs;C:\Program Files\Java\jdk-21\bin;C:\Program Files\Java\jdk-17\bin;C:\Program Files\Docker\Docker\resources\bin;C:\Users\01273835\AppData\Local\Microsoft\WindowsApps;C:\Users\01273835\AppData\Local\Programs\Microsoft VS Code\bin;C:\flutter\flutter\bin;C:\Users\01273835\AppData\Local\Yarn\bin;C:\Program Files\sf\bin;C:\xampp\php;C:\Users\01273835\AppData\Local\ComposerSetup\bin;C:\Users\01273835\AppData\Roaming\Composer\vendor\bin;C:\Users\01273835\AppData\Local\Programs\Azure Data Studio\bin;C:\Users\01273835\AppData\Local\Programs\mongosh;C:\Program Files\Git\usr\bin\vendor_perl;C:\Program Files\Git\usr\bin\core_perl
USERNAME=01273835
SHELL=C:\Program Files\Git\usr\bin\bash.exe
DISPLAY=needs-to-be-defined
LANG=en_US.UTF-8
LC_CTYPE=pt_BR.UTF-8
OS=Windows_NT
PROCESSOR_IDENTIFIER=Intel64 Family 6 Model 158 Stepping 10, GenuineIntel



---------------  S Y S T E M  ---------------

OS:
 Windows 10 , 64 bit Build 19041 (10.0.19041.3570)
OS uptime: 1 days 1:17 hours
Hyper-V role detected

CPU: total 6 (initial active 6) (6 cores per cpu, 1 threads per core) family 6 model 158 stepping 10 microcode 0xb4, cx8, cmov, fxsr, mmx, 3dnowpref, sse, sse2, sse3, ssse3, sse4.1, sse4.2, popcnt, lzcnt, tsc, tscinvbit, avx, avx2, aes, erms, clmul, bmi1, bmi2, adx, fma, vzeroupper, clflush, clflushopt, hv

Memory: 4k page, system-wide physical 24399M (4493M free)
TotalPageFile size 29552M (AvailPageFile size 0M)
current process WorkingSet (physical memory assigned to process): 225M, peak: 262M
current process commit charge ("private bytes"): 263M, peak: 544M

vm_info: Java HotSpot(TM) 64-Bit Server VM (17.0.11+7-LTS-207) for windows-amd64 JRE (17.0.11+7-LTS-207), built on Mar 11 2024 19:01:50 by "mach5one" with MS VC++ 17.6 (VS2022)

END.
