#
# There is insufficient memory for the Java Runtime Environment to continue.
# Native memory allocation (mmap) failed to map 402653184 bytes for G1 virtual space
# Possible reasons:
#   The system is out of physical RAM or swap space
#   The process is running with CompressedOops enabled, and the Java Heap may be blocking the growth of the native heap
# Possible solutions:
#   Reduce memory load on the system
#   Increase physical memory or swap space
#   Check if swap backing store is full
#   Decrease Java heap size (-Xmx/-Xms)
#   Decrease number of Java threads
#   Decrease Java thread stack sizes (-Xss)
#   Set larger code cache with -XX:ReservedCodeCacheSize=
#   JVM is running with Zero Based Compressed Oops mode in which the Java heap is
#     placed in the first 32GB address space. The Java Heap base address is the
#     maximum limit for the native heap growth. Please use -XX:HeapBaseMinAddress
#     to set the Java Heap base and to place the Java Heap above 32GB virtual address.
# This output file may be truncated or incomplete.
#
#  Out of Memory Error (os_windows.cpp:3548), pid=1440, tid=20272
#
# JRE version:  (17.0.11+7) (build )
# Java VM: Java HotSpot(TM) 64-Bit Server VM (17.0.11+7-LTS-207, mixed mode, sharing, tiered, compressed oops, compressed class ptrs, g1 gc, windows-amd64)
# No core dump will be written. Minidumps are not enabled by default on client versions of Windows
#

---------------  S U M M A R Y ------------

Command Line: -Dnet.bytebuddy.agent.attacher.dump= net.bytebuddy.agent.Attacher com.sun.tools.attach.VirtualMachine 13352 C:\Users\01273835\.m2\repository\net\bytebuddy\byte-buddy-agent\1.14.17\byte-buddy-agent-1.14.17.jar false 

Host: Intel(R) Core(TM) i5-8400 CPU @ 2.80GHz, 6 cores, 23G,  Windows 10 , 64 bit Build 19041 (10.0.19041.3570)
Time: Fri Aug  2 20:10:10 2024 Hora oficial do Brasil elapsed time: 0.014390 seconds (0d 0h 0m 0s)

---------------  T H R E A D  ---------------

Current thread (0x000001dae61b9dc0):  JavaThread "Unknown thread" [_thread_in_vm, id=20272, stack(0x000000063fe00000,0x000000063ff00000)]

Stack: [0x000000063fe00000,0x000000063ff00000]
Native frames: (J=compiled Java code, j=interpreted, Vv=VM code, C=native code)
V  [jvm.dll+0x679cca]
V  [jvm.dll+0x7da13d]
V  [jvm.dll+0x7dba83]
V  [jvm.dll+0x7dc0f3]
V  [jvm.dll+0x2449af]
V  [jvm.dll+0x676ce9]
V  [jvm.dll+0x66b852]
V  [jvm.dll+0x3018d6]
V  [jvm.dll+0x308e76]
V  [jvm.dll+0x3596ee]
V  [jvm.dll+0x35991f]
V  [jvm.dll+0x2d89a8]
V  [jvm.dll+0x2d9914]
V  [jvm.dll+0x7ac6b1]
V  [jvm.dll+0x366f61]
V  [jvm.dll+0x78b609]
V  [jvm.dll+0x3ec22f]
V  [jvm.dll+0x3ede61]
C  [jli.dll+0x5297]
C  [ucrtbase.dll+0x21bb2]
C  [KERNEL32.DLL+0x17344]
C  [ntdll.dll+0x526b1]


---------------  P R O C E S S  ---------------

Threads class SMR info:
_java_thread_list=0x00007fffffec7a18, length=0, elements={
}

Java Threads: ( => current thread )

Other Threads:
  0x000001dae6212d00 GCTaskThread "GC Thread#0" [stack: 0x000000063ff00000,0x0000000640000000] [id=26488]
  0x000001dae621cef0 ConcurrentGCThread "G1 Main Marker" [stack: 0x0000000640000000,0x0000000640100000] [id=23564]
  0x000001dae621d710 ConcurrentGCThread "G1 Conc#0" [stack: 0x0000000640100000,0x0000000640200000] [id=26248]

[error occurred during error reporting (printing all threads), id 0xc0000005, EXCEPTION_ACCESS_VIOLATION (0xc0000005) at pc=0x00007fffff6f9497]

VM state: not at safepoint (not fully initialized)

VM Mutex/Monitor currently owned by a thread:  ([mutex/lock_event])
[0x000001dae61b6b60] Heap_lock - owner thread: 0x000001dae61b9dc0

Heap address: 0x0000000682c00000, size: 6100 MB, Compressed Oops mode: Zero based, Oop shift amount: 3

CDS archive(s) mapped at: [0x0000000000000000-0x0000000000000000-0x0000000000000000), size 0, SharedBaseAddress: 0x0000000800000000, ArchiveRelocationMode: 1.
Narrow klass base: 0x0000000000000000, Narrow klass shift: 0, Narrow klass range: 0x0

GC Precious Log:
<Empty>

Heap:
 garbage-first heap   total 0K, used 0K [0x0000000682c00000, 0x0000000800000000)
  region size 4096K, 0 young (0K), 0 survivors (0K)

[error occurred during error reporting (printing heap information), id 0xc0000005, EXCEPTION_ACCESS_VIOLATION (0xc0000005) at pc=0x00007fffffae3559]

GC Heap History (0 events):
No events

Deoptimization events (0 events):
No events

Classes unloaded (0 events):
No events

Classes redefined (0 events):
No events

Internal exceptions (0 events):
No events

VM Operations (0 events):
No events

Events (1 events):
Event: 0.008 Loaded shared library C:\Program Files\Java\jdk-17\bin\java.dll


Dynamic libraries:
0x00007ff7206e0000 - 0x00007ff7206f0000 	C:\Program Files\Java\jdk-17\bin\java.exe
0x00007ff88d550000 - 0x00007ff88d747000 	C:\Windows\SYSTEM32\ntdll.dll
0x00007ff88c790000 - 0x00007ff88c84d000 	C:\Windows\System32\KERNEL32.DLL
0x00007ff88ac30000 - 0x00007ff88af26000 	C:\Windows\System32\KERNELBASE.dll
0x00007ff88b050000 - 0x00007ff88b150000 	C:\Windows\System32\ucrtbase.dll
0x00007ff87d300000 - 0x00007ff87d319000 	C:\Program Files\Java\jdk-17\bin\jli.dll
0x00007ff87d2d0000 - 0x00007ff87d2eb000 	C:\Program Files\Java\jdk-17\bin\VCRUNTIME140.dll
0x00007ff88ba60000 - 0x00007ff88bb0e000 	C:\Windows\System32\ADVAPI32.dll
0x00007ff88c6f0000 - 0x00007ff88c78e000 	C:\Windows\System32\msvcrt.dll
0x00007ff88d470000 - 0x00007ff88d50c000 	C:\Windows\System32\sechost.dll
0x00007ff88c0f0000 - 0x00007ff88c216000 	C:\Windows\System32\RPCRT4.dll
0x00007ff88cb60000 - 0x00007ff88ccfe000 	C:\Windows\System32\USER32.dll
0x00007ff88b3c0000 - 0x00007ff88b3e2000 	C:\Windows\System32\win32u.dll
0x00007ff88ba30000 - 0x00007ff88ba5c000 	C:\Windows\System32\GDI32.dll
0x00007ff88af30000 - 0x00007ff88b04a000 	C:\Windows\System32\gdi32full.dll
0x00007ff877d00000 - 0x00007ff877f9a000 	C:\Windows\WinSxS\amd64_microsoft.windows.common-controls_6595b64144ccf1df_6.0.19041.3570_none_60bb2a3971f3e41a\COMCTL32.dll
0x00007ff88b2b0000 - 0x00007ff88b34d000 	C:\Windows\System32\msvcp_win.dll
0x00007ff885090000 - 0x00007ff88509a000 	C:\Windows\SYSTEM32\VERSION.dll
0x00007ff88c6c0000 - 0x00007ff88c6f0000 	C:\Windows\System32\IMM32.DLL
0x00007ff862e30000 - 0x00007ff862f9b000 	C:\Windows\system32\tmumh\20019\AddOn\8.55.0.1119\TmUmEvt64.dll
0x00007ff88c6b0000 - 0x00007ff88c6b8000 	C:\Windows\System32\PSAPI.DLL
0x000000006b950000 - 0x000000006bac3000 	C:\Windows\system32\tmumh\20019\TmMon\2.9.0.1042\tmmon64.dll
0x00007ff868770000 - 0x00007ff86877c000 	C:\Program Files\Java\jdk-17\bin\vcruntime140_1.dll
0x00007ff840f50000 - 0x00007ff840fde000 	C:\Program Files\Java\jdk-17\bin\msvcp140.dll
0x00007fffff410000 - 0x00007fffffff0000 	C:\Program Files\Java\jdk-17\bin\server\jvm.dll
0x00007ff87ebf0000 - 0x00007ff87ebf9000 	C:\Windows\SYSTEM32\WSOCK32.dll
0x00007ff88c2e0000 - 0x00007ff88c34b000 	C:\Windows\System32\WS2_32.dll
0x00007ff87ea30000 - 0x00007ff87ea57000 	C:\Windows\SYSTEM32\WINMM.dll
0x00007ff889480000 - 0x00007ff889492000 	C:\Windows\SYSTEM32\kernel.appcore.dll
0x00007ff866e50000 - 0x00007ff866e5a000 	C:\Program Files\Java\jdk-17\bin\jimage.dll
0x00007ff888620000 - 0x00007ff888804000 	C:\Windows\SYSTEM32\DBGHELP.DLL
0x00007ff87f4d0000 - 0x00007ff87f504000 	C:\Windows\SYSTEM32\dbgcore.DLL
0x00007ff88b520000 - 0x00007ff88b5a2000 	C:\Windows\System32\bcryptPrimitives.dll
0x00007ff865e80000 - 0x00007ff865ea5000 	C:\Program Files\Java\jdk-17\bin\java.dll

dbghelp: loaded successfully - version: 4.0.5 - missing functions: none
symbol engine: initialized successfully - sym options: 0x614 - pdb path: .;C:\Program Files\Java\jdk-17\bin;C:\Windows\SYSTEM32;C:\Windows\WinSxS\amd64_microsoft.windows.common-controls_6595b64144ccf1df_6.0.19041.3570_none_60bb2a3971f3e41a;C:\Windows\system32\tmumh\20019\AddOn\8.55.0.1119;C:\Windows\system32\tmumh\20019\TmMon\2.9.0.1042;C:\Program Files\Java\jdk-17\bin\server

VM Arguments:
jvm_args: -Dnet.bytebuddy.agent.attacher.dump= 
java_command: net.bytebuddy.agent.Attacher com.sun.tools.attach.VirtualMachine 13352 C:\Users\01273835\.m2\repository\net\bytebuddy\byte-buddy-agent\1.14.17\byte-buddy-agent-1.14.17.jar false 
java_class_path (initial): C:\Users\01273835\.m2\repository\net\bytebuddy\byte-buddy-agent\1.14.17\byte-buddy-agent-1.14.17.jar
Launcher Type: SUN_STANDARD

[Global flags]
     intx CICompilerCount                          = 3                                         {product} {ergonomic}
     uint ConcGCThreads                            = 2                                         {product} {ergonomic}
     uint G1ConcRefinementThreads                  = 6                                         {product} {ergonomic}
   size_t G1HeapRegionSize                         = 4194304                                   {product} {ergonomic}
    uintx GCDrainStackTargetSize                   = 64                                        {product} {ergonomic}
   size_t InitialHeapSize                          = 402653184                                 {product} {ergonomic}
   size_t MarkStackSize                            = 4194304                                   {product} {ergonomic}
   size_t MaxHeapSize                              = 6396313600                                {product} {ergonomic}
   size_t MinHeapDeltaBytes                        = 4194304                                   {product} {ergonomic}
   size_t MinHeapSize                              = 8388608                                   {product} {ergonomic}
    uintx NonNMethodCodeHeapSize                   = 5832780                                {pd product} {ergonomic}
    uintx NonProfiledCodeHeapSize                  = 122912730                              {pd product} {ergonomic}
    uintx ProfiledCodeHeapSize                     = 122912730                              {pd product} {ergonomic}
    uintx ReservedCodeCacheSize                    = 251658240                              {pd product} {ergonomic}
     bool SegmentedCodeCache                       = true                                      {product} {ergonomic}
   size_t SoftMaxHeapSize                          = 6396313600                             {manageable} {ergonomic}
     bool UseCompressedClassPointers               = true                           {product lp64_product} {ergonomic}
     bool UseCompressedOops                        = true                           {product lp64_product} {ergonomic}
     bool UseG1GC                                  = true                                      {product} {ergonomic}
     bool UseLargePagesIndividualAllocation        = false                                  {pd product} {ergonomic}

Logging:
Log output configuration:
 #0: stdout all=warning uptime,level,tags
 #1: stderr all=off uptime,level,tags

Environment Variables:
PATH=C:\ProgramData\Oracle\Java\javapath;C:\Program Files\Common Files\Oracle\Java\javapath;C:\Python310\Scripts\;C:\Python310\;C:\app\Administrador\product\19.0.0\client_1\bin;C:\sybase\DataAccess64\ADONET\dll;C:\sybase\DataAccess\ADONET\dll;C:\sybase\DataAccess64\ODBC\dll;C:\sybase\DataAccess\ODBC\dll;C:\sybase\OCS-16_0\lib3p64;C:\sybase\OCS-16_0\lib3p;C:\sybase\OCS-16_0\dll;C:\sybase\OCS-16_0\bin;C:\Windows\system32;C:\Windows;C:\Windows\System32\Wbem;C:\Windows\System32\WindowsPowerShell\v1.0\;C:\Windows\System32\OpenSSH\;C:\Panther;C:\Panther\Config;C:\Panther\Util;C:\Panther\Zaffari;C:\Program Files\Git\cmd;C:\flutter\flutter\bin;C:\ProgramData\chocolatey\bin;C:\Program Files (x86)\Yarn\bin\;C:\Program Files\nodejs\;C:\Program Files\Java\jdk-21\bin;C:\Program Files\Java\jdk-17\bin;C:\Program Files\Docker\Docker\resources\bin;C:\Users\01273835\AppData\Local\Microsoft\WindowsApps;C:\Users\01273835\AppData\Local\Programs\Microsoft VS Code\bin;C:\flutter\flutter\bin;C:\Users\01273835\AppData\Local\Yarn\bin;C:\Program Files\sf\bin;C:\xampp\php;C:\Users\01273835\AppData\Local\ComposerSetup\bin;C:\Users\01273835\AppData\Roaming\Composer\vendor\bin;C:\Users\01273835\AppData\Local\Programs\Azure Data Studio\bin;C:\Users\01273835\AppData\Local\Programs\mongosh\
USERNAME=01273835
OS=Windows_NT
PROCESSOR_IDENTIFIER=Intel64 Family 6 Model 158 Stepping 10, GenuineIntel



---------------  S Y S T E M  ---------------

OS:
 Windows 10 , 64 bit Build 19041 (10.0.19041.3570)
OS uptime: 0 days 10:13 hours
Hyper-V role detected

CPU: total 6 (initial active 6) (6 cores per cpu, 1 threads per core) family 6 model 158 stepping 10 microcode 0xb4, cx8, cmov, fxsr, mmx, 3dnowpref, sse, sse2, sse3, ssse3, sse4.1, sse4.2, popcnt, lzcnt, tsc, tscinvbit, avx, avx2, aes, erms, clmul, bmi1, bmi2, adx, fma, vzeroupper, clflush, clflushopt, hv

Memory: 4k page, system-wide physical 24399M (5409M free)
TotalPageFile size 27606M (AvailPageFile size 175M)
current process WorkingSet (physical memory assigned to process): 13M, peak: 13M
current process commit charge ("private bytes"): 58M, peak: 442M

vm_info: Java HotSpot(TM) 64-Bit Server VM (17.0.11+7-LTS-207) for windows-amd64 JRE (17.0.11+7-LTS-207), built on Mar 11 2024 19:01:50 by "mach5one" with MS VC++ 17.6 (VS2022)

END.
